Stray ".ends" card: .endsymbol
Stray ".ends" card: .endsymbollibrary
Questionable use of curly braces in "pin name="dt" order=10 x=0 y=480 visible=1 xlabel=180 ylabel=0 align={leftbase} rotated=0"
    Error: undefined symbol in: "[leftbase]"
Questionable use of curly braces in "pin name="ena" order=8 x=0 y=240 visible=1 xlabel=180 ylabel=0 align={leftbase} rotated=0"
    Error: undefined symbol in: "[leftbase]"
Questionable use of curly braces in "pin name="hin" order=7 x=0 y=120 visible=1 xlabel=180 ylabel=0 align={leftbase} rotated=0"
    Error: undefined symbol in: "[leftbase]"
Questionable use of curly braces in "pin name="ho_snk" order=4 x=1440 y=240 visible=1 xlabel=-160 ylabel=0 align={rightbase} rotated=0"
    Error: undefined symbol in: "[rightbase]"
Questionable use of curly braces in "pin name="ho_src" order=5 x=1440 y=360 visible=1 xlabel=-160 ylabel=0 align={rightbase} rotated=0"
    Error: undefined symbol in: "[rightbase]"
Questionable use of curly braces in "pin name="lin" order=9 x=0 y=360 visible=1 xlabel=180 ylabel=0 align={leftbase} rotated=0"
    Error: undefined symbol in: "[leftbase]"
Questionable use of curly braces in "pin name="lo_snk" order=13 x=1440 y=840 visible=1 xlabel=-160 ylabel=0 align={rightbase} rotated=0"
    Error: undefined symbol in: "[rightbase]"
Questionable use of curly braces in "pin name="lo_src" order=12 x=1440 y=720 visible=1 xlabel=-160 ylabel=0 align={rightbase} rotated=0"
    Error: undefined symbol in: "[rightbase]"
Questionable use of curly braces in "pin name="pgnd" order=15 x=1440 y=960 visible=1 xlabel=-160 ylabel=0 align={rightbase} rotated=0"
    Error: undefined symbol in: "[rightbase]"
Questionable use of curly braces in "pin name="sgnd" order=14 x=0 y=600 visible=1 xlabel=180 ylabel=0 align={leftbase} rotated=0"
    Error: undefined symbol in: "[leftbase]"
Questionable use of curly braces in "pin name="sw" order=6 x=1440 y=480 visible=1 xlabel=-160 ylabel=0 align={rightbase} rotated=0"
    Error: undefined symbol in: "[rightbase]"
Questionable use of curly braces in "pin name="vbst" order=2 x=1440 y=0 visible=1 xlabel=-160 ylabel=0 align={rightbase} rotated=0"
    Error: undefined symbol in: "[rightbase]"
Questionable use of curly braces in "pin name="vdd" order=1 x=0 y=0 visible=1 xlabel=348 ylabel=32 align={rightbase} rotated=0"
    Error: undefined symbol in: "[rightbase]"
Questionable use of curly braces in "pin name="vdh" order=3 x=1440 y=120 visible=1 xlabel=-160 ylabel=0 align={rightbase} rotated=0"
    Error: undefined symbol in: "[rightbase]"
Questionable use of curly braces in "pin name="vdl" order=11 x=1440 y=600 visible=1 xlabel=-160 ylabel=0 align={rightbase} rotated=0"
    Error: undefined symbol in: "[rightbase]"
Questionable use of curly braces in "property name="model" value="x" autopos=1 normal={left} rotated={left} visible=0 font={default} order=-1"
    Error: undefined symbol in: "[left]"
Questionable use of curly braces in "property name="model" value="x" autopos=1 normal=(left) rotated={left} visible=0 font={default} order=-1"
    Error: undefined symbol in: "[left]"
Questionable use of curly braces in "property name="model" value="x" autopos=1 normal=(left) rotated=(left) visible=0 font={default} order=-1"
    Error: undefined symbol in: "[default]"
Questionable use of curly braces in "property name="ref" value="u?" autopos=1 normal={top} rotated={right} font={default} order=-1"
    Error: undefined symbol in: "[top]"
Questionable use of curly braces in "property name="ref" value="u?" autopos=1 normal=(top) rotated={right} font={default} order=-1"
    Error: undefined symbol in: "[right]"
Questionable use of curly braces in "property name="ref" value="u?" autopos=1 normal=(top) rotated=(right) font={default} order=-1"
    Error: undefined symbol in: "[default]"
Questionable use of curly braces in "property name="simulator" value="simplis" autopos=1 normal={left} rotated={left} protected=1 visible=0 font={default} order=-1"
    Error: undefined symbol in: "[left]"
Questionable use of curly braces in "property name="simulator" value="simplis" autopos=1 normal=(left) rotated={left} protected=1 visible=0 font={default} order=-1"
    Error: undefined symbol in: "[left]"
Questionable use of curly braces in "property name="simulator" value="simplis" autopos=1 normal=(left) rotated=(left) protected=1 visible=0 font={default} order=-1"
    Error: undefined symbol in: "[default]"
Questionable use of curly braces in "property name="value" value="ncp51820_1" autopos=1 normal={top} rotated={right} visible=0 font={default} order=-1"
    Error: undefined symbol in: "[top]"
Questionable use of curly braces in "property name="value" value="ncp51820_1" autopos=1 normal=(top) rotated={right} visible=0 font={default} order=-1"
    Error: undefined symbol in: "[right]"
Questionable use of curly braces in "property name="value" value="ncp51820_1" autopos=1 normal=(top) rotated=(right) visible=0 font={default} order=-1"
    Error: undefined symbol in: "[default]"
Circuit: SIMetrixFile type=schematic format=1.0 revision=8

Fatal Error: Multiple instances of "Pin"
