Removed Pin From Net: NetName=GND Pin=BT1-1
Removed Member From Class: ClassName=Gatedriver_sch_lib Member=1
Removed Member From Class: ClassName=Gatedriver_sch_lib Member=2
Added Component: Designator=?(FP-WLCSP8-SOT8072-MFG)
Add component (AddParameter): Name = "Continuous Drain Current (ID)"; Value = "60A"; VariantName = "[No Variations]"
Add component (AddParameter): Name = "Drain to Source Breakdown Voltage"; Value = "100V"; VariantName = "[No Variations]"
Add component (AddParameter): Name = "Drain to Source Resistance"; Value = "2.4mO"; VariantName = "[No Variations]"
Add component (AddParameter): Name = "Drain to Source Voltage (Vdss)"; Value = "100V"; VariantName = "[No Variations]"
Add component (AddParameter): Name = "Gate to Source Voltage (Vgs)"; Value = "-4V"; VariantName = "[No Variations]"
Add component (AddParameter): Name = "Height"; Value = "464µm"; VariantName = "[No Variations]"
Add component (AddParameter): Name = "Max Junction Temperature (Tj)"; Value = "150°C"; VariantName = "[No Variations]"
Add component (AddParameter): Name = "Max Operating Temperature"; Value = "150°C"; VariantName = "[No Variations]"
Add component (AddParameter): Name = "Min Operating Temperature"; Value = "-40°C"; VariantName = "[No Variations]"
Add component (AddParameter): Name = "MPN"; Value = "GAN3R2-100CBE"; VariantName = "[No Variations]"
Add component (AddParameter): Name = "NexarPartId"; Value = "136220986"; VariantName = "[No Variations]"
Add component (AddParameter): Name = "Number of Channels"; Value = "1"; VariantName = "[No Variations]"
Add component (AddParameter): Name = "Power Dissipation"; Value = "394W"; VariantName = "[No Variations]"
Added Component: Designator=(FP-WLCSP8-SOT8072-MFG)
Add component (AddParameter): Name = "Continuous Drain Current (ID)"; Value = "60A"; VariantName = "[No Variations]"
Add component (AddParameter): Name = "Drain to Source Breakdown Voltage"; Value = "100V"; VariantName = "[No Variations]"
Add component (AddParameter): Name = "Drain to Source Resistance"; Value = "2.4mO"; VariantName = "[No Variations]"
Add component (AddParameter): Name = "Drain to Source Voltage (Vdss)"; Value = "100V"; VariantName = "[No Variations]"
Add component (AddParameter): Name = "Gate to Source Voltage (Vgs)"; Value = "-4V"; VariantName = "[No Variations]"
Add component (AddParameter): Name = "Height"; Value = "464µm"; VariantName = "[No Variations]"
Add component (AddParameter): Name = "Max Junction Temperature (Tj)"; Value = "150°C"; VariantName = "[No Variations]"
Add component (AddParameter): Name = "Max Operating Temperature"; Value = "150°C"; VariantName = "[No Variations]"
Add component (AddParameter): Name = "Min Operating Temperature"; Value = "-40°C"; VariantName = "[No Variations]"
Add component (AddParameter): Name = "MPN"; Value = "GAN3R2-100CBE"; VariantName = "[No Variations]"
Add component (AddParameter): Name = "NexarPartId"; Value = "136220986"; VariantName = "[No Variations]"
Add component (AddParameter): Name = "Number of Channels"; Value = "1"; VariantName = "[No Variations]"
Add component (AddParameter): Name = "Power Dissipation"; Value = "394W"; VariantName = "[No Variations]"
Added Pin To Net: NetName=GND Pin=?-2
Added Pin To Net: NetName=Net?_1 Pin=?-1
Added Pin To Net: NetName=Net?_1 Pin=R6-1
Added Pin To Net: NetName=Net?_1 Pin=R7-1
Added Net: Name=Net?_1
Added Pin To Net: NetName=Net?_7 Pin=-8
Added Pin To Net: NetName=Net?_7 Pin=?-7
Added Net: Name=Net?_7
Added Pin To Net: NetName=Net?_8 Pin=?-8
Added Pin To Net: NetName=Net?_8 Pin=BT1-1
Added Net: Name=Net?_8
Added Pin To Net: NetName=Net_1 Pin=-1
Added Pin To Net: NetName=Net_1 Pin=R4-1
Added Net: Name=Net_1
Added Pin To Net: NetName=Net_2 Pin=-2
Added Pin To Net: NetName=Net_2 Pin=IC1-4
Added Net: Name=Net_2
Added Pin To Net: NetName=Net_7 Pin=-7
Added Pin To Net: NetName=Net_7 Pin=BT1-2
Added Net: Name=Net_7
Added Member To Class: ClassName=Gatedriver_sch_lib Member=Component ? GAN3R2-100CBE
Added Member To Class: ClassName=Gatedriver_sch_lib Member=Component  GAN3R2-100CBE
